
> auth@0.1.0 dev
> next dev

▲ Next.js 16.1.7 (Turbopack)
- Local:         http://localhost:3000
- Network:       http://10.255.255.254:3000
- Environments: .env.local

✓ Starting...
✓ Ready in 3.2s
⨯ Error: No SuperTokens core available to query
    at ignore-listed frames
 POST /api/auth/signinup/code 500 in 2.2s (compile: 1992ms, render: 210ms)
  Reload env: .env.local
  Reload env: .env.local
  Reload env: .env.local
  Reload env: .env.local
  Reload env: .env.local
  Reload env: .env.local
  Reload env: .env.local
  Reload env: .env.local
  Reload env: .env.local
